﻿
> react-vite-tailwind@0.0.0 build
> vite build

[36mvite v7.2.4 [32mbuilding client environment for production...[36m[39m
transforming...
[32mÔ£ô[39m 2799 modules transformed.
node.exe : [31mÔ£ù[39m Build failed in 31.91s
At line:1 char:1
+ & "C:\Program Files\nodejs/node.exe" "C:\Program Files\nodejs/node_mo ...
+ ~~~~~~~~~~~~~~~~~~~~~~~~~~~~~~~~~~~~~~~~~~~~~~~~~~~~~~~~~~~~~~~~~~~~~
    + CategoryInfo          : NotSpecified: ([31mÔ£ù[39m Build failed in 31.91s:String) [], RemoteException
    + FullyQualifiedErrorId : NativeCommandError
 
[31merror during build:
[31msrc/pages/Utilisateurs.tsx (13:19): "savePermissions" is not exported by "src/types.ts", imported by 
"src/pages/Utilisateurs.tsx".[31m
file: [36mC:/Users/hp/Downloads/BEYA/src/pages/Utilisateurs.tsx:13:19[31m
[33m
11:   User, AppPage, RolePermMap,
12:   loadData, saveRecord, deleteRecord, genId,
13:   loadPermissions, savePermissions, DEFAULT_PERMISSIONS,
                       ^
14: } from '../types';
15: import { useLang } from '../contexts/LangContext';
[31m
    at getRollupError (file:///C:/Users/hp/Downloads/BEYA/node_modules/rollup/dist/es/shared/parseAst.js:406:41)
    at error (file:///C:/Users/hp/Downloads/BEYA/node_modules/rollup/dist/es/shared/parseAst.js:402:42)
    at Module.error (file:///C:/Users/hp/Downloads/BEYA/node_modules/rollup/dist/es/shared/node-entry.js:17384:16)
    at Module.traceVariable 
(file:///C:/Users/hp/Downloads/BEYA/node_modules/rollup/dist/es/shared/node-entry.js:17817:29)
    at ModuleScope.findVariable 
(file:///C:/Users/hp/Downloads/BEYA/node_modules/rollup/dist/es/shared/node-entry.js:15407:39)
    at FunctionScope.findVariable 
(file:///C:/Users/hp/Downloads/BEYA/node_modules/rollup/dist/es/shared/node-entry.js:5676:38)
    at FunctionBodyScope.findVariable 
(file:///C:/Users/hp/Downloads/BEYA/node_modules/rollup/dist/es/shared/node-entry.js:5676:38)
    at FunctionScope.findVariable 
(file:///C:/Users/hp/Downloads/BEYA/node_modules/rollup/dist/es/shared/node-entry.js:5676:38)
    at FunctionBodyScope.findVariable 
(file:///C:/Users/hp/Downloads/BEYA/node_modules/rollup/dist/es/shared/node-entry.js:5676:38)
    at Identifier.bind 
(file:///C:/Users/hp/Downloads/BEYA/node_modules/rollup/dist/es/shared/node-entry.js:5450:40)[39m
